
===========================================================================
 report_power
============================================================================
======================= nom_tt_025C_1v80 Corner ===================================

Group                    Internal    Switching      Leakage        Total
                            Power        Power        Power        Power (Watts)
------------------------------------------------------------------------
Sequential           4.009177e-06 5.847596e-07 1.418517e-09 4.595355e-06  76.9%
Combinational        7.742311e-07 6.027917e-07 2.224009e-09 1.379247e-06  23.1%
Clock                0.000000e+00 0.000000e+00 3.175238e-10 3.175238e-10   0.0%
Macro                0.000000e+00 0.000000e+00 0.000000e+00 0.000000e+00   0.0%
Pad                  0.000000e+00 0.000000e+00 0.000000e+00 0.000000e+00   0.0%
------------------------------------------------------------------------
Total                4.783408e-06 1.187552e-06 3.960048e-09 5.974920e-06 100.0%
                            80.1%        19.9%         0.1%
Writing metric power__internal__total: 4.783407803188311e-6
Writing metric power__switching__total: 1.1875516747750225e-6
Writing metric power__leakage__total: 3.960048289286533e-9
Writing metric power__total: 5.9749195315816905e-6

