
===========================================================================
 report_power
============================================================================
======================= max_ss_100C_1v60 Corner ===================================

Group                    Internal    Switching      Leakage        Total
                            Power        Power        Power        Power (Watts)
------------------------------------------------------------------------
Sequential           2.959584e-06 5.660120e-07 2.286441e-06 5.812037e-06  50.9%
Combinational        9.138465e-07 1.694876e-06 2.999708e-06 5.608430e-06  49.1%
Clock                0.000000e+00 0.000000e+00 1.676717e-09 1.676717e-09   0.0%
Macro                0.000000e+00 0.000000e+00 0.000000e+00 0.000000e+00   0.0%
Pad                  0.000000e+00 0.000000e+00 0.000000e+00 0.000000e+00   0.0%
------------------------------------------------------------------------
Total                3.873431e-06 2.260889e-06 5.287830e-06 1.142215e-05 100.0%
                            33.9%        19.8%        46.3%

