
22. Executing PROC_DLATCH pass (convert process syncs to latches).
No latch inferred for signal `$paramod$83ab374bc08197efa514ca05ac19072747e23ee5\uart_rx.\state_next' from process `$paramod$83ab374bc08197efa514ca05ac19072747e23ee5\uart_rx.$proc$/home/camila/my_designs/unic-cass/unic-cass-ihp-uart-alu/RTL/uart_rx.v:50$48'.
No latch inferred for signal `$paramod$83ab374bc08197efa514ca05ac19072747e23ee5\uart_rx.\o_rx_done' from process `$paramod$83ab374bc08197efa514ca05ac19072747e23ee5\uart_rx.$proc$/home/camila/my_designs/unic-cass/unic-cass-ihp-uart-alu/RTL/uart_rx.v:50$48'.
No latch inferred for signal `$paramod$83ab374bc08197efa514ca05ac19072747e23ee5\uart_rx.\s_next' from process `$paramod$83ab374bc08197efa514ca05ac19072747e23ee5\uart_rx.$proc$/home/camila/my_designs/unic-cass/unic-cass-ihp-uart-alu/RTL/uart_rx.v:50$48'.
No latch inferred for signal `$paramod$83ab374bc08197efa514ca05ac19072747e23ee5\uart_rx.\n_next' from process `$paramod$83ab374bc08197efa514ca05ac19072747e23ee5\uart_rx.$proc$/home/camila/my_designs/unic-cass/unic-cass-ihp-uart-alu/RTL/uart_rx.v:50$48'.
No latch inferred for signal `$paramod$83ab374bc08197efa514ca05ac19072747e23ee5\uart_rx.\received_byte_next' from process `$paramod$83ab374bc08197efa514ca05ac19072747e23ee5\uart_rx.$proc$/home/camila/my_designs/unic-cass/unic-cass-ihp-uart-alu/RTL/uart_rx.v:50$48'.
No latch inferred for signal `$paramod$a335e5d139a856f4251c37087aeb169656348c98\fifo.\write_ptr_next' from process `$paramod$a335e5d139a856f4251c37087aeb169656348c98\fifo.$proc$/home/camila/my_designs/unic-cass/unic-cass-ihp-uart-alu/RTL/fifo.v:76$40'.
No latch inferred for signal `$paramod$a335e5d139a856f4251c37087aeb169656348c98\fifo.\write_ptr_ok' from process `$paramod$a335e5d139a856f4251c37087aeb169656348c98\fifo.$proc$/home/camila/my_designs/unic-cass/unic-cass-ihp-uart-alu/RTL/fifo.v:76$40'.
No latch inferred for signal `$paramod$a335e5d139a856f4251c37087aeb169656348c98\fifo.\read_ptr_next' from process `$paramod$a335e5d139a856f4251c37087aeb169656348c98\fifo.$proc$/home/camila/my_designs/unic-cass/unic-cass-ihp-uart-alu/RTL/fifo.v:76$40'.
No latch inferred for signal `$paramod$a335e5d139a856f4251c37087aeb169656348c98\fifo.\read_ptr_ok' from process `$paramod$a335e5d139a856f4251c37087aeb169656348c98\fifo.$proc$/home/camila/my_designs/unic-cass/unic-cass-ihp-uart-alu/RTL/fifo.v:76$40'.
No latch inferred for signal `$paramod$a335e5d139a856f4251c37087aeb169656348c98\fifo.\full_next' from process `$paramod$a335e5d139a856f4251c37087aeb169656348c98\fifo.$proc$/home/camila/my_designs/unic-cass/unic-cass-ihp-uart-alu/RTL/fifo.v:76$40'.
No latch inferred for signal `$paramod$a335e5d139a856f4251c37087aeb169656348c98\fifo.\empty_next' from process `$paramod$a335e5d139a856f4251c37087aeb169656348c98\fifo.$proc$/home/camila/my_designs/unic-cass/unic-cass-ihp-uart-alu/RTL/fifo.v:76$40'.
No latch inferred for signal `$paramod$83ab374bc08197efa514ca05ac19072747e23ee5\uart_tx.\state_next' from process `$paramod$83ab374bc08197efa514ca05ac19072747e23ee5\uart_tx.$proc$/home/camila/my_designs/unic-cass/unic-cass-ihp-uart-alu/RTL/uart_tx.v:56$18'.
No latch inferred for signal `$paramod$83ab374bc08197efa514ca05ac19072747e23ee5\uart_tx.\o_tx_done' from process `$paramod$83ab374bc08197efa514ca05ac19072747e23ee5\uart_tx.$proc$/home/camila/my_designs/unic-cass/unic-cass-ihp-uart-alu/RTL/uart_tx.v:56$18'.
No latch inferred for signal `$paramod$83ab374bc08197efa514ca05ac19072747e23ee5\uart_tx.\s_next' from process `$paramod$83ab374bc08197efa514ca05ac19072747e23ee5\uart_tx.$proc$/home/camila/my_designs/unic-cass/unic-cass-ihp-uart-alu/RTL/uart_tx.v:56$18'.
No latch inferred for signal `$paramod$83ab374bc08197efa514ca05ac19072747e23ee5\uart_tx.\n_next' from process `$paramod$83ab374bc08197efa514ca05ac19072747e23ee5\uart_tx.$proc$/home/camila/my_designs/unic-cass/unic-cass-ihp-uart-alu/RTL/uart_tx.v:56$18'.
No latch inferred for signal `$paramod$83ab374bc08197efa514ca05ac19072747e23ee5\uart_tx.\send_byte_next' from process `$paramod$83ab374bc08197efa514ca05ac19072747e23ee5\uart_tx.$proc$/home/camila/my_designs/unic-cass/unic-cass-ihp-uart-alu/RTL/uart_tx.v:56$18'.
No latch inferred for signal `$paramod$83ab374bc08197efa514ca05ac19072747e23ee5\uart_tx.\tx_next' from process `$paramod$83ab374bc08197efa514ca05ac19072747e23ee5\uart_tx.$proc$/home/camila/my_designs/unic-cass/unic-cass-ihp-uart-alu/RTL/uart_tx.v:56$18'.
No latch inferred for signal `$paramod$3657eea4d53669bfdbf8ea094d48a5708f5ac2cf\alu_uart_interface.\state_next' from process `$paramod$3657eea4d53669bfdbf8ea094d48a5708f5ac2cf\alu_uart_interface.$proc$/home/camila/my_designs/unic-cass/unic-cass-ihp-uart-alu/RTL/alu_uart_interface.v:74$12'.
No latch inferred for signal `$paramod$3657eea4d53669bfdbf8ea094d48a5708f5ac2cf\alu_uart_interface.\fifo_rx_read_next' from process `$paramod$3657eea4d53669bfdbf8ea094d48a5708f5ac2cf\alu_uart_interface.$proc$/home/camila/my_designs/unic-cass/unic-cass-ihp-uart-alu/RTL/alu_uart_interface.v:74$12'.
No latch inferred for signal `$paramod$3657eea4d53669bfdbf8ea094d48a5708f5ac2cf\alu_uart_interface.\fifo_tx_write_next' from process `$paramod$3657eea4d53669bfdbf8ea094d48a5708f5ac2cf\alu_uart_interface.$proc$/home/camila/my_designs/unic-cass/unic-cass-ihp-uart-alu/RTL/alu_uart_interface.v:74$12'.
No latch inferred for signal `$paramod$3657eea4d53669bfdbf8ea094d48a5708f5ac2cf\alu_uart_interface.\opcode_sel_next' from process `$paramod$3657eea4d53669bfdbf8ea094d48a5708f5ac2cf\alu_uart_interface.$proc$/home/camila/my_designs/unic-cass/unic-cass-ihp-uart-alu/RTL/alu_uart_interface.v:74$12'.
No latch inferred for signal `$paramod$3657eea4d53669bfdbf8ea094d48a5708f5ac2cf\alu_uart_interface.\operand_a_sel_next' from process `$paramod$3657eea4d53669bfdbf8ea094d48a5708f5ac2cf\alu_uart_interface.$proc$/home/camila/my_designs/unic-cass/unic-cass-ihp-uart-alu/RTL/alu_uart_interface.v:74$12'.
No latch inferred for signal `$paramod$3657eea4d53669bfdbf8ea094d48a5708f5ac2cf\alu_uart_interface.\operand_b_sel_next' from process `$paramod$3657eea4d53669bfdbf8ea094d48a5708f5ac2cf\alu_uart_interface.$proc$/home/camila/my_designs/unic-cass/unic-cass-ihp-uart-alu/RTL/alu_uart_interface.v:74$12'.
No latch inferred for signal `$paramod$3657eea4d53669bfdbf8ea094d48a5708f5ac2cf\alu_uart_interface.\result_next' from process `$paramod$3657eea4d53669bfdbf8ea094d48a5708f5ac2cf\alu_uart_interface.$proc$/home/camila/my_designs/unic-cass/unic-cass-ihp-uart-alu/RTL/alu_uart_interface.v:74$12'.
No latch inferred for signal `$paramod$3657eea4d53669bfdbf8ea094d48a5708f5ac2cf\alu_uart_interface.\wait_next' from process `$paramod$3657eea4d53669bfdbf8ea094d48a5708f5ac2cf\alu_uart_interface.$proc$/home/camila/my_designs/unic-cass/unic-cass-ihp-uart-alu/RTL/alu_uart_interface.v:74$12'.
No latch inferred for signal `$paramod$1b78d2d521b3f5ebabffb07db7e6e88fe1f0b213\alu.\o_alu_result' from process `$paramod$1b78d2d521b3f5ebabffb07db7e6e88fe1f0b213\alu.$proc$/home/camila/my_designs/unic-cass/unic-cass-ihp-uart-alu/RTL/alu.v:28$1'.
