
===========================================================================
report_checks -unconstrained
===========================================================================
======================= nom_tt_025C_1v80 Corner ===================================

Startpoint: i_uartRx (input port clocked by clk)
Endpoint: uartUnit.fifoRX._144_ (rising edge-triggered flip-flop)
Path Group: unconstrained
Path Type: max

Fanout         Cap        Slew       Delay        Time   Description
---------------------------------------------------------------------------------------------
                                 20.000000   20.000000 ^ input external delay
     5    0.012760    0.065028    0.042878   20.042877 ^ i_uartRx (in)
                                                         i_uartRx (net)
                      0.065028    0.000000   20.042877 ^ uartUnit.uartRxUnit._093_/A (sky130_fd_sc_hd__and2_2)
     6    0.021229    0.123258    0.201915   20.244793 ^ uartUnit.uartRxUnit._093_/X (sky130_fd_sc_hd__and2_2)
                                                         uartUnit.fifoRX.i_write_fifo (net)
                      0.123258    0.000000   20.244793 ^ uartUnit.fifoRX._067_/A (sky130_fd_sc_hd__inv_2)
     5    0.010532    0.044940    0.062162   20.306955 v uartUnit.fifoRX._067_/Y (sky130_fd_sc_hd__inv_2)
                                                         uartUnit.fifoRX._044_ (net)
                      0.044940    0.000000   20.306955 v uartUnit.fifoRX._086_/D (sky130_fd_sc_hd__or4_2)
     8    0.026280    0.181551    0.657158   20.964113 v uartUnit.fifoRX._086_/X (sky130_fd_sc_hd__or4_2)
                                                         uartUnit.fifoRX._047_ (net)
                      0.181551    0.000000   20.964113 v uartUnit.fifoRX._087_/S (sky130_fd_sc_hd__mux2_1)
     1    0.001681    0.050315    0.342986   21.307098 v uartUnit.fifoRX._087_/X (sky130_fd_sc_hd__mux2_1)
                                                         uartUnit.fifoRX._010_ (net)
                      0.050315    0.000000   21.307098 v uartUnit.fifoRX._144_/D (sky130_fd_sc_hd__dfxtp_2)
                                             21.307098   data arrival time
---------------------------------------------------------------------------------------------
(Path is unconstrained)




===========================================================================
report_checks --slack_max -0.01
============================================================================
======================= nom_tt_025C_1v80 Corner ===================================

No paths found.


===========================================================================
 report_check_types -max_slew -max_cap -max_fanout -violators
============================================================================
======================= nom_tt_025C_1v80 Corner ===================================

max slew

Pin                                        Limit        Slew       Slack
------------------------------------------------------------------------
i_clk                                   0.750000    1.401222   -0.651222 (VIOLATED)
alu_uart_interfaceUnit._188_/CLK        0.750000    1.401222   -0.651222 (VIOLATED)
alu_uart_interfaceUnit._189_/CLK        0.750000    1.401222   -0.651222 (VIOLATED)
alu_uart_interfaceUnit._190_/CLK        0.750000    1.401222   -0.651222 (VIOLATED)
alu_uart_interfaceUnit._191_/CLK        0.750000    1.401222   -0.651222 (VIOLATED)
alu_uart_interfaceUnit._192_/CLK        0.750000    1.401222   -0.651222 (VIOLATED)
alu_uart_interfaceUnit._193_/CLK        0.750000    1.401222   -0.651222 (VIOLATED)
alu_uart_interfaceUnit._194_/CLK        0.750000    1.401222   -0.651222 (VIOLATED)
alu_uart_interfaceUnit._195_/CLK        0.750000    1.401222   -0.651222 (VIOLATED)
alu_uart_interfaceUnit._196_/CLK        0.750000    1.401222   -0.651222 (VIOLATED)
alu_uart_interfaceUnit._197_/CLK        0.750000    1.401222   -0.651222 (VIOLATED)
alu_uart_interfaceUnit._198_/CLK        0.750000    1.401222   -0.651222 (VIOLATED)
alu_uart_interfaceUnit._199_/CLK        0.750000    1.401222   -0.651222 (VIOLATED)
alu_uart_interfaceUnit._200_/CLK        0.750000    1.401222   -0.651222 (VIOLATED)
alu_uart_interfaceUnit._201_/CLK        0.750000    1.401222   -0.651222 (VIOLATED)
alu_uart_interfaceUnit._202_/CLK        0.750000    1.401222   -0.651222 (VIOLATED)
alu_uart_interfaceUnit._203_/CLK        0.750000    1.401222   -0.651222 (VIOLATED)
alu_uart_interfaceUnit._204_/CLK        0.750000    1.401222   -0.651222 (VIOLATED)
alu_uart_interfaceUnit._205_/CLK        0.750000    1.401222   -0.651222 (VIOLATED)
alu_uart_interfaceUnit._206_/CLK        0.750000    1.401222   -0.651222 (VIOLATED)
alu_uart_interfaceUnit._207_/CLK        0.750000    1.401222   -0.651222 (VIOLATED)
alu_uart_interfaceUnit._208_/CLK        0.750000    1.401222   -0.651222 (VIOLATED)
alu_uart_interfaceUnit._209_/CLK        0.750000    1.401222   -0.651222 (VIOLATED)
alu_uart_interfaceUnit._210_/CLK        0.750000    1.401222   -0.651222 (VIOLATED)
alu_uart_interfaceUnit._211_/CLK        0.750000    1.401222   -0.651222 (VIOLATED)
alu_uart_interfaceUnit._212_/CLK        0.750000    1.401222   -0.651222 (VIOLATED)
alu_uart_interfaceUnit._213_/CLK        0.750000    1.401222   -0.651222 (VIOLATED)
alu_uart_interfaceUnit._214_/CLK        0.750000    1.401222   -0.651222 (VIOLATED)
alu_uart_interfaceUnit._215_/CLK        0.750000    1.401222   -0.651222 (VIOLATED)
alu_uart_interfaceUnit._216_/CLK        0.750000    1.401222   -0.651222 (VIOLATED)
alu_uart_interfaceUnit._217_/CLK        0.750000    1.401222   -0.651222 (VIOLATED)
alu_uart_interfaceUnit._218_/CLK        0.750000    1.401222   -0.651222 (VIOLATED)
alu_uart_interfaceUnit._219_/CLK        0.750000    1.401222   -0.651222 (VIOLATED)
alu_uart_interfaceUnit._220_/CLK        0.750000    1.401222   -0.651222 (VIOLATED)
alu_uart_interfaceUnit._221_/CLK        0.750000    1.401222   -0.651222 (VIOLATED)
alu_uart_interfaceUnit._222_/CLK        0.750000    1.401222   -0.651222 (VIOLATED)
alu_uart_interfaceUnit._223_/CLK        0.750000    1.401222   -0.651222 (VIOLATED)
alu_uart_interfaceUnit._224_/CLK        0.750000    1.401222   -0.651222 (VIOLATED)
alu_uart_interfaceUnit._225_/CLK        0.750000    1.401222   -0.651222 (VIOLATED)
uartUnit.baud_rateUnit._61_/CLK         0.750000    1.401222   -0.651222 (VIOLATED)
uartUnit.baud_rateUnit._62_/CLK         0.750000    1.401222   -0.651222 (VIOLATED)
uartUnit.baud_rateUnit._63_/CLK         0.750000    1.401222   -0.651222 (VIOLATED)
uartUnit.baud_rateUnit._64_/CLK         0.750000    1.401222   -0.651222 (VIOLATED)
uartUnit.baud_rateUnit._65_/CLK         0.750000    1.401222   -0.651222 (VIOLATED)
uartUnit.baud_rateUnit._66_/CLK         0.750000    1.401222   -0.651222 (VIOLATED)
uartUnit.baud_rateUnit._67_/CLK         0.750000    1.401222   -0.651222 (VIOLATED)
uartUnit.baud_rateUnit._68_/CLK         0.750000    1.401222   -0.651222 (VIOLATED)
uartUnit.baud_rateUnit._69_/CLK         0.750000    1.401222   -0.651222 (VIOLATED)
uartUnit.fifoRX._136_/CLK               0.750000    1.401222   -0.651222 (VIOLATED)
uartUnit.fifoRX._137_/CLK               0.750000    1.401222   -0.651222 (VIOLATED)
uartUnit.fifoRX._138_/CLK               0.750000    1.401222   -0.651222 (VIOLATED)
uartUnit.fifoRX._139_/CLK               0.750000    1.401222   -0.651222 (VIOLATED)
uartUnit.fifoRX._140_/CLK               0.750000    1.401222   -0.651222 (VIOLATED)
uartUnit.fifoRX._141_/CLK               0.750000    1.401222   -0.651222 (VIOLATED)
uartUnit.fifoRX._142_/CLK               0.750000    1.401222   -0.651222 (VIOLATED)
uartUnit.fifoRX._143_/CLK               0.750000    1.401222   -0.651222 (VIOLATED)
uartUnit.fifoRX._144_/CLK               0.750000    1.401222   -0.651222 (VIOLATED)
uartUnit.fifoRX._145_/CLK               0.750000    1.401222   -0.651222 (VIOLATED)
uartUnit.fifoRX._146_/CLK               0.750000    1.401222   -0.651222 (VIOLATED)
uartUnit.fifoRX._147_/CLK               0.750000    1.401222   -0.651222 (VIOLATED)
uartUnit.fifoRX._148_/CLK               0.750000    1.401222   -0.651222 (VIOLATED)
uartUnit.fifoRX._149_/CLK               0.750000    1.401222   -0.651222 (VIOLATED)
uartUnit.fifoRX._150_/CLK               0.750000    1.401222   -0.651222 (VIOLATED)
uartUnit.fifoRX._151_/CLK               0.750000    1.401222   -0.651222 (VIOLATED)
uartUnit.fifoRX._152_/CLK               0.750000    1.401222   -0.651222 (VIOLATED)
uartUnit.fifoRX._153_/CLK               0.750000    1.401222   -0.651222 (VIOLATED)
uartUnit.fifoRX._154_/CLK               0.750000    1.401222   -0.651222 (VIOLATED)
uartUnit.fifoRX._155_/CLK               0.750000    1.401222   -0.651222 (VIOLATED)
uartUnit.fifoRX._156_/CLK               0.750000    1.401222   -0.651222 (VIOLATED)
uartUnit.fifoRX._157_/CLK               0.750000    1.401222   -0.651222 (VIOLATED)
uartUnit.fifoRX._158_/CLK               0.750000    1.401222   -0.651222 (VIOLATED)
uartUnit.fifoRX._159_/CLK               0.750000    1.401222   -0.651222 (VIOLATED)
uartUnit.fifoRX._160_/CLK               0.750000    1.401222   -0.651222 (VIOLATED)
uartUnit.fifoRX._161_/CLK               0.750000    1.401222   -0.651222 (VIOLATED)
uartUnit.fifoRX._162_/CLK               0.750000    1.401222   -0.651222 (VIOLATED)
uartUnit.fifoRX._163_/CLK               0.750000    1.401222   -0.651222 (VIOLATED)
uartUnit.fifoRX._164_/CLK               0.750000    1.401222   -0.651222 (VIOLATED)
uartUnit.fifoRX._165_/CLK               0.750000    1.401222   -0.651222 (VIOLATED)
uartUnit.fifoRX._166_/CLK               0.750000    1.401222   -0.651222 (VIOLATED)
uartUnit.fifoRX._167_/CLK               0.750000    1.401222   -0.651222 (VIOLATED)
uartUnit.fifoRX._168_/CLK               0.750000    1.401222   -0.651222 (VIOLATED)
uartUnit.fifoRX._169_/CLK               0.750000    1.401222   -0.651222 (VIOLATED)
uartUnit.fifoRX._170_/CLK               0.750000    1.401222   -0.651222 (VIOLATED)
uartUnit.fifoRX._171_/CLK               0.750000    1.401222   -0.651222 (VIOLATED)
uartUnit.fifoRX._172_/CLK               0.750000    1.401222   -0.651222 (VIOLATED)
uartUnit.fifoRX._173_/CLK               0.750000    1.401222   -0.651222 (VIOLATED)
uartUnit.fifoRX._174_/CLK               0.750000    1.401222   -0.651222 (VIOLATED)
uartUnit.fifoRX._175_/CLK               0.750000    1.401222   -0.651222 (VIOLATED)
uartUnit.fifoTX._136_/CLK               0.750000    1.401222   -0.651222 (VIOLATED)
uartUnit.fifoTX._137_/CLK               0.750000    1.401222   -0.651222 (VIOLATED)
uartUnit.fifoTX._138_/CLK               0.750000    1.401222   -0.651222 (VIOLATED)
uartUnit.fifoTX._139_/CLK               0.750000    1.401222   -0.651222 (VIOLATED)
uartUnit.fifoTX._140_/CLK               0.750000    1.401222   -0.651222 (VIOLATED)
uartUnit.fifoTX._141_/CLK               0.750000    1.401222   -0.651222 (VIOLATED)
uartUnit.fifoTX._142_/CLK               0.750000    1.401222   -0.651222 (VIOLATED)
uartUnit.fifoTX._143_/CLK               0.750000    1.401222   -0.651222 (VIOLATED)
uartUnit.fifoTX._144_/CLK               0.750000    1.401222   -0.651222 (VIOLATED)
uartUnit.fifoTX._145_/CLK               0.750000    1.401222   -0.651222 (VIOLATED)
uartUnit.fifoTX._146_/CLK               0.750000    1.401222   -0.651222 (VIOLATED)
uartUnit.fifoTX._147_/CLK               0.750000    1.401222   -0.651222 (VIOLATED)
uartUnit.fifoTX._148_/CLK               0.750000    1.401222   -0.651222 (VIOLATED)
uartUnit.fifoTX._149_/CLK               0.750000    1.401222   -0.651222 (VIOLATED)
uartUnit.fifoTX._150_/CLK               0.750000    1.401222   -0.651222 (VIOLATED)
uartUnit.fifoTX._151_/CLK               0.750000    1.401222   -0.651222 (VIOLATED)
uartUnit.fifoTX._152_/CLK               0.750000    1.401222   -0.651222 (VIOLATED)
uartUnit.fifoTX._153_/CLK               0.750000    1.401222   -0.651222 (VIOLATED)
uartUnit.fifoTX._154_/CLK               0.750000    1.401222   -0.651222 (VIOLATED)
uartUnit.fifoTX._155_/CLK               0.750000    1.401222   -0.651222 (VIOLATED)
uartUnit.fifoTX._156_/CLK               0.750000    1.401222   -0.651222 (VIOLATED)
uartUnit.fifoTX._157_/CLK               0.750000    1.401222   -0.651222 (VIOLATED)
uartUnit.fifoTX._158_/CLK               0.750000    1.401222   -0.651222 (VIOLATED)
uartUnit.fifoTX._159_/CLK               0.750000    1.401222   -0.651222 (VIOLATED)
uartUnit.fifoTX._160_/CLK               0.750000    1.401222   -0.651222 (VIOLATED)
uartUnit.fifoTX._161_/CLK               0.750000    1.401222   -0.651222 (VIOLATED)
uartUnit.fifoTX._162_/CLK               0.750000    1.401222   -0.651222 (VIOLATED)
uartUnit.fifoTX._163_/CLK               0.750000    1.401222   -0.651222 (VIOLATED)
uartUnit.fifoTX._164_/CLK               0.750000    1.401222   -0.651222 (VIOLATED)
uartUnit.fifoTX._165_/CLK               0.750000    1.401222   -0.651222 (VIOLATED)
uartUnit.fifoTX._166_/CLK               0.750000    1.401222   -0.651222 (VIOLATED)
uartUnit.fifoTX._167_/CLK               0.750000    1.401222   -0.651222 (VIOLATED)
uartUnit.fifoTX._168_/CLK               0.750000    1.401222   -0.651222 (VIOLATED)
uartUnit.fifoTX._169_/CLK               0.750000    1.401222   -0.651222 (VIOLATED)
uartUnit.fifoTX._170_/CLK               0.750000    1.401222   -0.651222 (VIOLATED)
uartUnit.fifoTX._171_/CLK               0.750000    1.401222   -0.651222 (VIOLATED)
uartUnit.fifoTX._172_/CLK               0.750000    1.401222   -0.651222 (VIOLATED)
uartUnit.fifoTX._173_/CLK               0.750000    1.401222   -0.651222 (VIOLATED)
uartUnit.fifoTX._174_/CLK               0.750000    1.401222   -0.651222 (VIOLATED)
uartUnit.fifoTX._175_/CLK               0.750000    1.401222   -0.651222 (VIOLATED)
uartUnit.uartRxUnit._137_/CLK           0.750000    1.401222   -0.651222 (VIOLATED)
uartUnit.uartRxUnit._138_/CLK           0.750000    1.401222   -0.651222 (VIOLATED)
uartUnit.uartRxUnit._139_/CLK           0.750000    1.401222   -0.651222 (VIOLATED)
uartUnit.uartRxUnit._140_/CLK           0.750000    1.401222   -0.651222 (VIOLATED)
uartUnit.uartRxUnit._141_/CLK           0.750000    1.401222   -0.651222 (VIOLATED)
uartUnit.uartRxUnit._142_/CLK           0.750000    1.401222   -0.651222 (VIOLATED)
uartUnit.uartRxUnit._143_/CLK           0.750000    1.401222   -0.651222 (VIOLATED)
uartUnit.uartRxUnit._144_/CLK           0.750000    1.401222   -0.651222 (VIOLATED)
uartUnit.uartRxUnit._145_/CLK           0.750000    1.401222   -0.651222 (VIOLATED)
uartUnit.uartRxUnit._146_/CLK           0.750000    1.401222   -0.651222 (VIOLATED)
uartUnit.uartRxUnit._147_/CLK           0.750000    1.401222   -0.651222 (VIOLATED)
uartUnit.uartRxUnit._148_/CLK           0.750000    1.401222   -0.651222 (VIOLATED)
uartUnit.uartRxUnit._149_/CLK           0.750000    1.401222   -0.651222 (VIOLATED)
uartUnit.uartRxUnit._150_/CLK           0.750000    1.401222   -0.651222 (VIOLATED)
uartUnit.uartRxUnit._151_/CLK           0.750000    1.401222   -0.651222 (VIOLATED)
uartUnit.uartRxUnit._152_/CLK           0.750000    1.401222   -0.651222 (VIOLATED)
uartUnit.uartRxUnit._153_/CLK           0.750000    1.401222   -0.651222 (VIOLATED)
uartUnit.uartRxUnit._154_/CLK           0.750000    1.401222   -0.651222 (VIOLATED)
uartUnit.uartRxUnit._155_/CLK           0.750000    1.401222   -0.651222 (VIOLATED)
uartUnit.uartTxUnit._155_/CLK           0.750000    1.401222   -0.651222 (VIOLATED)
uartUnit.uartTxUnit._156_/CLK           0.750000    1.401222   -0.651222 (VIOLATED)
uartUnit.uartTxUnit._157_/CLK           0.750000    1.401222   -0.651222 (VIOLATED)
uartUnit.uartTxUnit._158_/CLK           0.750000    1.401222   -0.651222 (VIOLATED)
uartUnit.uartTxUnit._159_/CLK           0.750000    1.401222   -0.651222 (VIOLATED)
uartUnit.uartTxUnit._160_/CLK           0.750000    1.401222   -0.651222 (VIOLATED)
uartUnit.uartTxUnit._161_/CLK           0.750000    1.401222   -0.651222 (VIOLATED)
uartUnit.uartTxUnit._162_/CLK           0.750000    1.401222   -0.651222 (VIOLATED)
uartUnit.uartTxUnit._163_/CLK           0.750000    1.401222   -0.651222 (VIOLATED)
uartUnit.uartTxUnit._164_/CLK           0.750000    1.401222   -0.651222 (VIOLATED)
uartUnit.uartTxUnit._165_/CLK           0.750000    1.401222   -0.651222 (VIOLATED)
uartUnit.uartTxUnit._166_/CLK           0.750000    1.401222   -0.651222 (VIOLATED)
uartUnit.uartTxUnit._167_/CLK           0.750000    1.401222   -0.651222 (VIOLATED)
uartUnit.uartTxUnit._168_/CLK           0.750000    1.401222   -0.651222 (VIOLATED)
uartUnit.uartTxUnit._169_/CLK           0.750000    1.401222   -0.651222 (VIOLATED)
uartUnit.uartTxUnit._170_/CLK           0.750000    1.401222   -0.651222 (VIOLATED)
uartUnit.uartTxUnit._171_/CLK           0.750000    1.401222   -0.651222 (VIOLATED)
uartUnit.uartTxUnit._172_/CLK           0.750000    1.401222   -0.651222 (VIOLATED)
uartUnit.uartTxUnit._173_/CLK           0.750000    1.401222   -0.651222 (VIOLATED)
uartUnit.uartTxUnit._174_/CLK           0.750000    1.401222   -0.651222 (VIOLATED)
aluUnit._165_/Y                         0.750000    0.898390   -0.148390 (VIOLATED)
aluUnit._167_/A1                        0.750000    0.898390   -0.148390 (VIOLATED)
aluUnit._168_/A2                        0.750000    0.898390   -0.148390 (VIOLATED)
aluUnit._171_/B                         0.750000    0.898390   -0.148390 (VIOLATED)
aluUnit._180_/A1                        0.750000    0.898390   -0.148390 (VIOLATED)
aluUnit._183_/B                         0.750000    0.898390   -0.148390 (VIOLATED)
aluUnit._219_/A2                        0.750000    0.898390   -0.148390 (VIOLATED)
aluUnit._220_/A2                        0.750000    0.898390   -0.148390 (VIOLATED)
aluUnit._222_/A                         0.750000    0.898390   -0.148390 (VIOLATED)
aluUnit._241_/A                         0.750000    0.898390   -0.148390 (VIOLATED)
aluUnit._259_/A2                        0.750000    0.898390   -0.148390 (VIOLATED)
uartUnit.baud_rateUnit._36_/Y           0.750000    0.777670   -0.027670 (VIOLATED)
uartUnit.uartRxUnit._072_/A             0.750000    0.777670   -0.027670 (VIOLATED)
uartUnit.uartRxUnit._079_/A1            0.750000    0.777670   -0.027670 (VIOLATED)
uartUnit.uartRxUnit._084_/A_N           0.750000    0.777670   -0.027670 (VIOLATED)
uartUnit.uartRxUnit._087_/A1            0.750000    0.777670   -0.027670 (VIOLATED)
uartUnit.uartRxUnit._089_/A1            0.750000    0.777670   -0.027670 (VIOLATED)
uartUnit.uartRxUnit._091_/B             0.750000    0.777670   -0.027670 (VIOLATED)
uartUnit.uartRxUnit._112_/A1            0.750000    0.777670   -0.027670 (VIOLATED)
uartUnit.uartTxUnit._079_/A             0.750000    0.777670   -0.027670 (VIOLATED)
uartUnit.uartTxUnit._083_/A             0.750000    0.777670   -0.027670 (VIOLATED)
uartUnit.uartTxUnit._084_/A             0.750000    0.777670   -0.027670 (VIOLATED)
uartUnit.uartTxUnit._085_/A             0.750000    0.777670   -0.027670 (VIOLATED)
uartUnit.uartTxUnit._086_/A1            0.750000    0.777670   -0.027670 (VIOLATED)
uartUnit.uartTxUnit._091_/A1            0.750000    0.777670   -0.027670 (VIOLATED)
uartUnit.uartTxUnit._096_/B             0.750000    0.777670   -0.027670 (VIOLATED)
uartUnit.uartTxUnit._101_/A             0.750000    0.777670   -0.027670 (VIOLATED)
uartUnit.uartTxUnit._116_/A1_N          0.750000    0.777670   -0.027670 (VIOLATED)

max fanout

Pin                                   Limit Fanout  Slack
---------------------------------------------------------
i_clk                                    10    166   -156 (VIOLATED)
alu_uart_interfaceUnit._096_/Y           10     35    -25 (VIOLATED)
i_reset                                  10     28    -18 (VIOLATED)
alu_uart_interfaceUnit._211_/Q           10     25    -15 (VIOLATED)
alu_uart_interfaceUnit._210_/Q           10     22    -12 (VIOLATED)
alu_uart_interfaceUnit._212_/Q           10     22    -12 (VIOLATED)
uartUnit.uartTxUnit._086_/X              10     18     -8 (VIOLATED)
uartUnit.fifoRX._167_/Q                  10     17     -7 (VIOLATED)
uartUnit.baud_rateUnit._36_/Y            10     16     -6 (VIOLATED)
uartUnit.uartRxUnit._071_/Y              10     15     -5 (VIOLATED)
uartUnit.uartTxUnit._156_/Q              10     15     -5 (VIOLATED)
alu_uart_interfaceUnit._213_/Q           10     14     -4 (VIOLATED)
uartUnit.uartTxUnit._081_/Y              10     14     -4 (VIOLATED)
uartUnit.uartTxUnit._101_/Y              10     13     -3 (VIOLATED)
alu_uart_interfaceUnit._204_/Q           10     11        (VIOLATED)
alu_uart_interfaceUnit._205_/Q           10     11        (VIOLATED)

max capacitance

Pin                                        Limit         Cap       Slack
------------------------------------------------------------------------
i_clk                                   0.200000    0.311582   -0.111582 (VIOLATED)



===========================================================================
report_parasitic_annotation -report_unannotated
============================================================================
Found 755 unannotated drivers.
 i_clk
 i_reset
 i_uartRx
 aluUnit._163_/Y
 aluUnit._164_/Y
 aluUnit._165_/Y
 aluUnit._166_/X
 aluUnit._167_/Y
 aluUnit._168_/Y
 aluUnit._169_/Y
 aluUnit._170_/Y
 aluUnit._171_/Y
 aluUnit._172_/X
 aluUnit._173_/X
 aluUnit._174_/Y
 aluUnit._175_/X
 aluUnit._176_/Y
 aluUnit._177_/X
 aluUnit._178_/Y
 aluUnit._179_/Y
 aluUnit._180_/Y
 aluUnit._181_/Y
 aluUnit._182_/X
 aluUnit._183_/Y
 aluUnit._184_/X
 aluUnit._185_/X
 aluUnit._186_/Y
 aluUnit._187_/Y
 aluUnit._188_/X
 aluUnit._189_/X
 aluUnit._190_/X
 aluUnit._191_/X
 aluUnit._192_/X
 aluUnit._193_/Y
 aluUnit._194_/X
 aluUnit._195_/Y
 aluUnit._196_/X
 aluUnit._197_/X
 aluUnit._198_/Y
 aluUnit._199_/Y
 aluUnit._200_/Y
 aluUnit._201_/X
 aluUnit._202_/X
 aluUnit._203_/X
 aluUnit._204_/X
 aluUnit._205_/X
 aluUnit._206_/X
 aluUnit._207_/Y
 aluUnit._208_/X
 aluUnit._209_/X
 aluUnit._210_/Y
 aluUnit._211_/Y
 aluUnit._212_/X
 aluUnit._213_/Y
 aluUnit._214_/X
 aluUnit._215_/Y
 aluUnit._216_/X
 aluUnit._217_/X
 aluUnit._218_/X
 aluUnit._219_/X
 aluUnit._220_/X
 aluUnit._221_/X
 aluUnit._222_/X
 aluUnit._223_/Y
 aluUnit._224_/Y
 aluUnit._225_/Y
 aluUnit._226_/X
 aluUnit._227_/Y
 aluUnit._228_/Y
 aluUnit._229_/Y
 aluUnit._230_/X
 aluUnit._231_/X
 aluUnit._232_/X
 aluUnit._233_/Y
 aluUnit._234_/Y
 aluUnit._235_/X
 aluUnit._236_/Y
 aluUnit._237_/Y
 aluUnit._238_/Y
 aluUnit._239_/X
 aluUnit._240_/X
 aluUnit._241_/Y
 aluUnit._242_/X
 aluUnit._243_/X
 aluUnit._244_/Y
 aluUnit._245_/X
 aluUnit._246_/X
 aluUnit._247_/Y
 aluUnit._248_/Y
 aluUnit._249_/Y
 aluUnit._250_/X
 aluUnit._251_/X
 aluUnit._252_/Y
 aluUnit._253_/X
 aluUnit._254_/X
 aluUnit._255_/Y
 aluUnit._256_/X
 aluUnit._257_/Y
 aluUnit._258_/Y
 aluUnit._259_/X
 aluUnit._260_/X
 aluUnit._261_/X
 aluUnit._262_/Y
 aluUnit._263_/Y
 aluUnit._264_/Y
 aluUnit._265_/X
 aluUnit._266_/Y
 aluUnit._267_/X
 aluUnit._268_/Y
 aluUnit._269_/X
 aluUnit._270_/X
 aluUnit._271_/X
 aluUnit._272_/Y
 aluUnit._273_/X
 aluUnit._274_/Y
 aluUnit._275_/X
 aluUnit._276_/X
 aluUnit._277_/X
 aluUnit._278_/Y
 aluUnit._279_/Y
 aluUnit._280_/X
 aluUnit._281_/Y
 aluUnit._282_/Y
 aluUnit._283_/Y
 aluUnit._284_/Y
 aluUnit._285_/Y
 aluUnit._286_/X
 aluUnit._287_/Y
 aluUnit._288_/X
 aluUnit._289_/X
 aluUnit._290_/Y
 aluUnit._291_/Y
 aluUnit._292_/Y
 aluUnit._293_/Y
 aluUnit._294_/X
 aluUnit._295_/X
 aluUnit._296_/Y
 aluUnit._297_/X
 aluUnit._298_/Y
 aluUnit._299_/X
 aluUnit._300_/X
 aluUnit._301_/Y
 aluUnit._302_/X
 aluUnit._303_/Y
 aluUnit._304_/X
 aluUnit._305_/Y
 aluUnit._306_/Y
 aluUnit._307_/X
 aluUnit._308_/Y
 aluUnit._309_/X
 aluUnit._310_/Y
 aluUnit._311_/X
 aluUnit._312_/X
 aluUnit._313_/Y
 aluUnit._314_/X
 aluUnit._315_/Y
 aluUnit._316_/X
 aluUnit._317_/X
 aluUnit._318_/X
 aluUnit._319_/X
 aluUnit._320_/Y
 aluUnit._321_/X
 aluUnit._322_/X
 aluUnit._323_/X
 aluUnit._324_/X
 aluUnit._325_/Y
 aluUnit._326_/X
 aluUnit._327_/Y
 aluUnit._328_/Y
 aluUnit._329_/Y
 aluUnit._330_/X
 aluUnit._331_/X
 aluUnit._332_/X
 aluUnit._333_/X
 alu_uart_interfaceUnit._094_/Y
 alu_uart_interfaceUnit._095_/Y
 alu_uart_interfaceUnit._096_/Y
 alu_uart_interfaceUnit._097_/Y
 alu_uart_interfaceUnit._098_/X
 alu_uart_interfaceUnit._099_/X
 alu_uart_interfaceUnit._100_/X
 alu_uart_interfaceUnit._101_/X
 alu_uart_interfaceUnit._102_/X
 alu_uart_interfaceUnit._103_/X
 alu_uart_interfaceUnit._104_/X
 alu_uart_interfaceUnit._105_/Y
 alu_uart_interfaceUnit._106_/X
 alu_uart_interfaceUnit._107_/Y
 alu_uart_interfaceUnit._108_/X
 alu_uart_interfaceUnit._109_/Y
 alu_uart_interfaceUnit._110_/X
 alu_uart_interfaceUnit._111_/Y
 alu_uart_interfaceUnit._112_/X
 alu_uart_interfaceUnit._113_/X
 alu_uart_interfaceUnit._114_/Y
 alu_uart_interfaceUnit._115_/X
 alu_uart_interfaceUnit._116_/X
 alu_uart_interfaceUnit._117_/X
 alu_uart_interfaceUnit._118_/X
 alu_uart_interfaceUnit._119_/Y
 alu_uart_interfaceUnit._120_/X
 alu_uart_interfaceUnit._121_/X
 alu_uart_interfaceUnit._122_/X
 alu_uart_interfaceUnit._123_/X
 alu_uart_interfaceUnit._124_/Y
 alu_uart_interfaceUnit._125_/X
 alu_uart_interfaceUnit._126_/X
 alu_uart_interfaceUnit._127_/X
 alu_uart_interfaceUnit._128_/X
 alu_uart_interfaceUnit._129_/X
 alu_uart_interfaceUnit._130_/X
 alu_uart_interfaceUnit._131_/X
 alu_uart_interfaceUnit._132_/X
 alu_uart_interfaceUnit._133_/X
 alu_uart_interfaceUnit._134_/X
 alu_uart_interfaceUnit._135_/X
 alu_uart_interfaceUnit._136_/X
 alu_uart_interfaceUnit._137_/X
 alu_uart_interfaceUnit._138_/X
 alu_uart_interfaceUnit._139_/X
 alu_uart_interfaceUnit._140_/X
 alu_uart_interfaceUnit._141_/X
 alu_uart_interfaceUnit._142_/X
 alu_uart_interfaceUnit._143_/X
 alu_uart_interfaceUnit._144_/X
 alu_uart_interfaceUnit._145_/X
 alu_uart_interfaceUnit._146_/X
 alu_uart_interfaceUnit._147_/X
 alu_uart_interfaceUnit._148_/X
 alu_uart_interfaceUnit._149_/X
 alu_uart_interfaceUnit._150_/X
 alu_uart_interfaceUnit._151_/X
 alu_uart_interfaceUnit._152_/X
 alu_uart_interfaceUnit._153_/X
 alu_uart_interfaceUnit._154_/X
 alu_uart_interfaceUnit._155_/X
 alu_uart_interfaceUnit._156_/X
 alu_uart_interfaceUnit._157_/X
 alu_uart_interfaceUnit._158_/X
 alu_uart_interfaceUnit._159_/X
 alu_uart_interfaceUnit._160_/X
 alu_uart_interfaceUnit._161_/X
 alu_uart_interfaceUnit._162_/X
 alu_uart_interfaceUnit._163_/X
 alu_uart_interfaceUnit._164_/X
 alu_uart_interfaceUnit._165_/X
 alu_uart_interfaceUnit._166_/X
 alu_uart_interfaceUnit._167_/X
 alu_uart_interfaceUnit._168_/X
 alu_uart_interfaceUnit._169_/X
 alu_uart_interfaceUnit._170_/X
 alu_uart_interfaceUnit._171_/X
 alu_uart_interfaceUnit._172_/X
 alu_uart_interfaceUnit._173_/X
 alu_uart_interfaceUnit._174_/X
 alu_uart_interfaceUnit._175_/X
 alu_uart_interfaceUnit._176_/X
 alu_uart_interfaceUnit._177_/X
 alu_uart_interfaceUnit._178_/X
 alu_uart_interfaceUnit._179_/X
 alu_uart_interfaceUnit._180_/X
 alu_uart_interfaceUnit._181_/X
 alu_uart_interfaceUnit._182_/X
 alu_uart_interfaceUnit._183_/X
 alu_uart_interfaceUnit._184_/X
 alu_uart_interfaceUnit._185_/X
 alu_uart_interfaceUnit._186_/X
 alu_uart_interfaceUnit._187_/X
 alu_uart_interfaceUnit._188_/Q
 alu_uart_interfaceUnit._189_/Q
 alu_uart_interfaceUnit._190_/Q
 alu_uart_interfaceUnit._191_/Q
 alu_uart_interfaceUnit._192_/Q
 alu_uart_interfaceUnit._193_/Q
 alu_uart_interfaceUnit._194_/Q
 alu_uart_interfaceUnit._195_/Q
 alu_uart_interfaceUnit._196_/Q
 alu_uart_interfaceUnit._197_/Q
 alu_uart_interfaceUnit._198_/Q
 alu_uart_interfaceUnit._199_/Q
 alu_uart_interfaceUnit._200_/Q
 alu_uart_interfaceUnit._201_/Q
 alu_uart_interfaceUnit._202_/Q
 alu_uart_interfaceUnit._203_/Q
 alu_uart_interfaceUnit._204_/Q
 alu_uart_interfaceUnit._205_/Q
 alu_uart_interfaceUnit._206_/Q
 alu_uart_interfaceUnit._207_/Q
 alu_uart_interfaceUnit._208_/Q
 alu_uart_interfaceUnit._209_/Q
 alu_uart_interfaceUnit._210_/Q
 alu_uart_interfaceUnit._211_/Q
 alu_uart_interfaceUnit._212_/Q
 alu_uart_interfaceUnit._213_/Q
 alu_uart_interfaceUnit._214_/Q
 alu_uart_interfaceUnit._215_/Q
 alu_uart_interfaceUnit._216_/Q
 alu_uart_interfaceUnit._217_/Q
 alu_uart_interfaceUnit._218_/Q
 alu_uart_interfaceUnit._219_/Q
 alu_uart_interfaceUnit._220_/Q
 alu_uart_interfaceUnit._221_/Q
 alu_uart_interfaceUnit._222_/Q
 alu_uart_interfaceUnit._223_/Q
 alu_uart_interfaceUnit._224_/Q
 alu_uart_interfaceUnit._225_/Q
 uartUnit._0_/Y
 uartUnit.baud_rateUnit._30_/Y
 uartUnit.baud_rateUnit._31_/Y
 uartUnit.baud_rateUnit._32_/Y
 uartUnit.baud_rateUnit._33_/Y
 uartUnit.baud_rateUnit._34_/Y
 uartUnit.baud_rateUnit._35_/X
 uartUnit.baud_rateUnit._36_/Y
 uartUnit.baud_rateUnit._37_/X
 uartUnit.baud_rateUnit._38_/Y
 uartUnit.baud_rateUnit._39_/Y
 uartUnit.baud_rateUnit._40_/Y
 uartUnit.baud_rateUnit._41_/Y
 uartUnit.baud_rateUnit._42_/X
 uartUnit.baud_rateUnit._43_/X
 uartUnit.baud_rateUnit._44_/X
 uartUnit.baud_rateUnit._45_/X
 uartUnit.baud_rateUnit._46_/X
 uartUnit.baud_rateUnit._47_/Y
 uartUnit.baud_rateUnit._48_/X
 uartUnit.baud_rateUnit._49_/X
 uartUnit.baud_rateUnit._50_/X
 uartUnit.baud_rateUnit._51_/X
 uartUnit.baud_rateUnit._52_/Y
 uartUnit.baud_rateUnit._53_/X
 uartUnit.baud_rateUnit._54_/X
 uartUnit.baud_rateUnit._55_/X
 uartUnit.baud_rateUnit._56_/X
 uartUnit.baud_rateUnit._57_/Y
 uartUnit.baud_rateUnit._58_/X
 uartUnit.baud_rateUnit._59_/X
 uartUnit.baud_rateUnit._60_/X
 uartUnit.baud_rateUnit._61_/Q
 uartUnit.baud_rateUnit._62_/Q
 uartUnit.baud_rateUnit._63_/Q
 uartUnit.baud_rateUnit._64_/Q
 uartUnit.baud_rateUnit._65_/Q
 uartUnit.baud_rateUnit._66_/Q
 uartUnit.baud_rateUnit._67_/Q
 uartUnit.baud_rateUnit._68_/Q
 uartUnit.baud_rateUnit._69_/Q
 uartUnit.fifoRX._065_/Y
 uartUnit.fifoRX._066_/Y
 uartUnit.fifoRX._067_/Y
 uartUnit.fifoRX._068_/X
 uartUnit.fifoRX._069_/X
 uartUnit.fifoRX._070_/X
 uartUnit.fifoRX._071_/X
 uartUnit.fifoRX._072_/X
 uartUnit.fifoRX._073_/X
 uartUnit.fifoRX._074_/X
 uartUnit.fifoRX._075_/X
 uartUnit.fifoRX._076_/Y
 uartUnit.fifoRX._077_/X
 uartUnit.fifoRX._078_/X
 uartUnit.fifoRX._079_/X
 uartUnit.fifoRX._080_/X
 uartUnit.fifoRX._081_/X
 uartUnit.fifoRX._082_/X
 uartUnit.fifoRX._083_/X
 uartUnit.fifoRX._084_/X
 uartUnit.fifoRX._085_/X
 uartUnit.fifoRX._086_/X
 uartUnit.fifoRX._087_/X
 uartUnit.fifoRX._088_/X
 uartUnit.fifoRX._089_/X
 uartUnit.fifoRX._090_/X
 uartUnit.fifoRX._091_/X
 uartUnit.fifoRX._092_/X
 uartUnit.fifoRX._093_/X
 uartUnit.fifoRX._094_/X
 uartUnit.fifoRX._095_/X
 uartUnit.fifoRX._096_/X
 uartUnit.fifoRX._097_/X
 uartUnit.fifoRX._098_/X
 uartUnit.fifoRX._099_/X
 uartUnit.fifoRX._100_/X
 uartUnit.fifoRX._101_/X
 uartUnit.fifoRX._102_/X
 uartUnit.fifoRX._103_/X
 uartUnit.fifoRX._104_/X
 uartUnit.fifoRX._105_/X
 uartUnit.fifoRX._106_/Y
 uartUnit.fifoRX._107_/X
 uartUnit.fifoRX._108_/Y
 uartUnit.fifoRX._109_/X
 uartUnit.fifoRX._110_/Y
 uartUnit.fifoRX._111_/X
 uartUnit.fifoRX._112_/Y
 uartUnit.fifoRX._113_/Y
 uartUnit.fifoRX._114_/X
 uartUnit.fifoRX._115_/X
 uartUnit.fifoRX._116_/Y
 uartUnit.fifoRX._117_/Y
 uartUnit.fifoRX._118_/Y
 uartUnit.fifoRX._119_/X
 uartUnit.fifoRX._120_/Y
 uartUnit.fifoRX._121_/X
 uartUnit.fifoRX._122_/Y
 uartUnit.fifoRX._123_/X
 uartUnit.fifoRX._124_/X
 uartUnit.fifoRX._125_/X
 uartUnit.fifoRX._126_/X
 uartUnit.fifoRX._127_/X
 uartUnit.fifoRX._128_/X
 uartUnit.fifoRX._129_/X
 uartUnit.fifoRX._130_/X
 uartUnit.fifoRX._131_/X
 uartUnit.fifoRX._132_/X
 uartUnit.fifoRX._133_/X
 uartUnit.fifoRX._134_/X
 uartUnit.fifoRX._135_/X
 uartUnit.fifoRX._136_/Q
 uartUnit.fifoRX._137_/Q
 uartUnit.fifoRX._138_/Q
 uartUnit.fifoRX._139_/Q
 uartUnit.fifoRX._140_/Q
 uartUnit.fifoRX._141_/Q
 uartUnit.fifoRX._142_/Q
 uartUnit.fifoRX._143_/Q
 uartUnit.fifoRX._144_/Q
 uartUnit.fifoRX._145_/Q
 uartUnit.fifoRX._146_/Q
 uartUnit.fifoRX._147_/Q
 uartUnit.fifoRX._148_/Q
 uartUnit.fifoRX._149_/Q
 uartUnit.fifoRX._150_/Q
 uartUnit.fifoRX._151_/Q
 uartUnit.fifoRX._152_/Q
 uartUnit.fifoRX._153_/Q
 uartUnit.fifoRX._154_/Q
 uartUnit.fifoRX._155_/Q
 uartUnit.fifoRX._156_/Q
 uartUnit.fifoRX._157_/Q
 uartUnit.fifoRX._158_/Q
 uartUnit.fifoRX._159_/Q
 uartUnit.fifoRX._160_/Q
 uartUnit.fifoRX._161_/Q
 uartUnit.fifoRX._162_/Q
 uartUnit.fifoRX._163_/Q
 uartUnit.fifoRX._164_/Q
 uartUnit.fifoRX._165_/Q
 uartUnit.fifoRX._166_/Q
 uartUnit.fifoRX._167_/Q
 uartUnit.fifoRX._168_/Q
 uartUnit.fifoRX._169_/Q
 uartUnit.fifoRX._170_/Q
 uartUnit.fifoRX._171_/Q
 uartUnit.fifoRX._172_/Q
 uartUnit.fifoRX._173_/Q
 uartUnit.fifoRX._174_/Q
 uartUnit.fifoRX._175_/Q
 uartUnit.fifoTX._065_/Y
 uartUnit.fifoTX._066_/Y
 uartUnit.fifoTX._067_/Y
 uartUnit.fifoTX._068_/X
 uartUnit.fifoTX._069_/X
 uartUnit.fifoTX._070_/X
 uartUnit.fifoTX._071_/X
 uartUnit.fifoTX._072_/X
 uartUnit.fifoTX._073_/X
 uartUnit.fifoTX._074_/X
 uartUnit.fifoTX._075_/X
 uartUnit.fifoTX._076_/Y
 uartUnit.fifoTX._077_/X
 uartUnit.fifoTX._078_/X
 uartUnit.fifoTX._079_/X
 uartUnit.fifoTX._080_/X
 uartUnit.fifoTX._081_/X
 uartUnit.fifoTX._082_/X
 uartUnit.fifoTX._083_/X
 uartUnit.fifoTX._084_/X
 uartUnit.fifoTX._085_/X
 uartUnit.fifoTX._086_/X
 uartUnit.fifoTX._087_/X
 uartUnit.fifoTX._088_/X
 uartUnit.fifoTX._089_/X
 uartUnit.fifoTX._090_/X
 uartUnit.fifoTX._091_/X
 uartUnit.fifoTX._092_/X
 uartUnit.fifoTX._093_/X
 uartUnit.fifoTX._094_/X
 uartUnit.fifoTX._095_/X
 uartUnit.fifoTX._096_/X
 uartUnit.fifoTX._097_/X
 uartUnit.fifoTX._098_/X
 uartUnit.fifoTX._099_/X
 uartUnit.fifoTX._100_/X
 uartUnit.fifoTX._101_/X
 uartUnit.fifoTX._102_/X
 uartUnit.fifoTX._103_/X
 uartUnit.fifoTX._104_/X
 uartUnit.fifoTX._105_/X
 uartUnit.fifoTX._106_/Y
 uartUnit.fifoTX._107_/X
 uartUnit.fifoTX._108_/Y
 uartUnit.fifoTX._109_/X
 uartUnit.fifoTX._110_/Y
 uartUnit.fifoTX._111_/X
 uartUnit.fifoTX._112_/Y
 uartUnit.fifoTX._113_/Y
 uartUnit.fifoTX._114_/X
 uartUnit.fifoTX._115_/X
 uartUnit.fifoTX._116_/Y
 uartUnit.fifoTX._117_/Y
 uartUnit.fifoTX._118_/Y
 uartUnit.fifoTX._119_/X
 uartUnit.fifoTX._120_/Y
 uartUnit.fifoTX._121_/X
 uartUnit.fifoTX._122_/Y
 uartUnit.fifoTX._123_/X
 uartUnit.fifoTX._124_/X
 uartUnit.fifoTX._125_/X
 uartUnit.fifoTX._126_/X
 uartUnit.fifoTX._127_/X
 uartUnit.fifoTX._128_/X
 uartUnit.fifoTX._129_/X
 uartUnit.fifoTX._130_/X
 uartUnit.fifoTX._131_/X
 uartUnit.fifoTX._132_/X
 uartUnit.fifoTX._133_/X
 uartUnit.fifoTX._134_/X
 uartUnit.fifoTX._135_/X
 uartUnit.fifoTX._136_/Q
 uartUnit.fifoTX._137_/Q
 uartUnit.fifoTX._138_/Q
 uartUnit.fifoTX._139_/Q
 uartUnit.fifoTX._140_/Q
 uartUnit.fifoTX._141_/Q
 uartUnit.fifoTX._142_/Q
 uartUnit.fifoTX._143_/Q
 uartUnit.fifoTX._144_/Q
 uartUnit.fifoTX._145_/Q
 uartUnit.fifoTX._146_/Q
 uartUnit.fifoTX._147_/Q
 uartUnit.fifoTX._148_/Q
 uartUnit.fifoTX._149_/Q
 uartUnit.fifoTX._150_/Q
 uartUnit.fifoTX._151_/Q
 uartUnit.fifoTX._152_/Q
 uartUnit.fifoTX._153_/Q
 uartUnit.fifoTX._154_/Q
 uartUnit.fifoTX._155_/Q
 uartUnit.fifoTX._156_/Q
 uartUnit.fifoTX._157_/Q
 uartUnit.fifoTX._158_/Q
 uartUnit.fifoTX._159_/Q
 uartUnit.fifoTX._160_/Q
 uartUnit.fifoTX._161_/Q
 uartUnit.fifoTX._162_/Q
 uartUnit.fifoTX._163_/Q
 uartUnit.fifoTX._164_/Q
 uartUnit.fifoTX._165_/Q
 uartUnit.fifoTX._166_/Q
 uartUnit.fifoTX._167_/Q
 uartUnit.fifoTX._168_/Q
 uartUnit.fifoTX._169_/Q
 uartUnit.fifoTX._170_/Q
 uartUnit.fifoTX._171_/Q
 uartUnit.fifoTX._172_/Q
 uartUnit.fifoTX._173_/Q
 uartUnit.fifoTX._174_/Q
 uartUnit.fifoTX._175_/Q
 uartUnit.uartRxUnit._068_/Y
 uartUnit.uartRxUnit._069_/Y
 uartUnit.uartRxUnit._070_/Y
 uartUnit.uartRxUnit._071_/Y
 uartUnit.uartRxUnit._072_/Y
 uartUnit.uartRxUnit._073_/Y
 uartUnit.uartRxUnit._074_/Y
 uartUnit.uartRxUnit._075_/X
 uartUnit.uartRxUnit._076_/X
 uartUnit.uartRxUnit._077_/X
 uartUnit.uartRxUnit._078_/Y
 uartUnit.uartRxUnit._079_/X
 uartUnit.uartRxUnit._080_/Y
 uartUnit.uartRxUnit._081_/Y
 uartUnit.uartRxUnit._082_/X
 uartUnit.uartRxUnit._083_/Y
 uartUnit.uartRxUnit._084_/X
 uartUnit.uartRxUnit._085_/X
 uartUnit.uartRxUnit._086_/X
 uartUnit.uartRxUnit._087_/Y
 uartUnit.uartRxUnit._088_/X
 uartUnit.uartRxUnit._089_/Y
 uartUnit.uartRxUnit._090_/Y
 uartUnit.uartRxUnit._091_/X
 uartUnit.uartRxUnit._092_/X
 uartUnit.uartRxUnit._093_/X
 uartUnit.uartRxUnit._094_/X
 uartUnit.uartRxUnit._095_/X
 uartUnit.uartRxUnit._096_/Y
 uartUnit.uartRxUnit._097_/Y
 uartUnit.uartRxUnit._098_/X
 uartUnit.uartRxUnit._099_/X
 uartUnit.uartRxUnit._100_/Y
 uartUnit.uartRxUnit._101_/X
 uartUnit.uartRxUnit._102_/X
 uartUnit.uartRxUnit._103_/Y
 uartUnit.uartRxUnit._104_/X
 uartUnit.uartRxUnit._105_/Y
 uartUnit.uartRxUnit._106_/X
 uartUnit.uartRxUnit._107_/X
 uartUnit.uartRxUnit._108_/X
 uartUnit.uartRxUnit._109_/X
 uartUnit.uartRxUnit._110_/Y
 uartUnit.uartRxUnit._111_/Y
 uartUnit.uartRxUnit._112_/X
 uartUnit.uartRxUnit._113_/Y
 uartUnit.uartRxUnit._114_/X
 uartUnit.uartRxUnit._115_/X
 uartUnit.uartRxUnit._116_/Y
 uartUnit.uartRxUnit._117_/X
 uartUnit.uartRxUnit._118_/X
 uartUnit.uartRxUnit._119_/Y
 uartUnit.uartRxUnit._120_/Y
 uartUnit.uartRxUnit._121_/X
 uartUnit.uartRxUnit._122_/X
 uartUnit.uartRxUnit._123_/X
 uartUnit.uartRxUnit._124_/X
 uartUnit.uartRxUnit._125_/X
 uartUnit.uartRxUnit._126_/X
 uartUnit.uartRxUnit._127_/X
 uartUnit.uartRxUnit._128_/X
 uartUnit.uartRxUnit._129_/X
 uartUnit.uartRxUnit._130_/X
 uartUnit.uartRxUnit._131_/X
 uartUnit.uartRxUnit._132_/X
 uartUnit.uartRxUnit._133_/X
 uartUnit.uartRxUnit._134_/X
 uartUnit.uartRxUnit._135_/X
 uartUnit.uartRxUnit._136_/X
 uartUnit.uartRxUnit._137_/Q
 uartUnit.uartRxUnit._138_/Q
 uartUnit.uartRxUnit._139_/Q
 uartUnit.uartRxUnit._140_/Q
 uartUnit.uartRxUnit._141_/Q
 uartUnit.uartRxUnit._142_/Q
 uartUnit.uartRxUnit._143_/Q
 uartUnit.uartRxUnit._144_/Q
 uartUnit.uartRxUnit._145_/Q
 uartUnit.uartRxUnit._146_/Q
 uartUnit.uartRxUnit._147_/Q
 uartUnit.uartRxUnit._148_/Q
 uartUnit.uartRxUnit._149_/Q
 uartUnit.uartRxUnit._150_/Q
 uartUnit.uartRxUnit._151_/Q
 uartUnit.uartRxUnit._152_/Q
 uartUnit.uartRxUnit._153_/Q
 uartUnit.uartRxUnit._154_/Q
 uartUnit.uartRxUnit._155_/Q
 uartUnit.uartTxUnit._077_/Y
 uartUnit.uartTxUnit._078_/Y
 uartUnit.uartTxUnit._079_/Y
 uartUnit.uartTxUnit._080_/Y
 uartUnit.uartTxUnit._081_/Y
 uartUnit.uartTxUnit._082_/X
 uartUnit.uartTxUnit._083_/X
 uartUnit.uartTxUnit._084_/Y
 uartUnit.uartTxUnit._085_/X
 uartUnit.uartTxUnit._086_/X
 uartUnit.uartTxUnit._087_/X
 uartUnit.uartTxUnit._088_/Y
 uartUnit.uartTxUnit._089_/X
 uartUnit.uartTxUnit._090_/Y
 uartUnit.uartTxUnit._091_/X
 uartUnit.uartTxUnit._092_/Y
 uartUnit.uartTxUnit._093_/Y
 uartUnit.uartTxUnit._094_/X
 uartUnit.uartTxUnit._095_/X
 uartUnit.uartTxUnit._096_/X
 uartUnit.uartTxUnit._097_/Y
 uartUnit.uartTxUnit._098_/Y
 uartUnit.uartTxUnit._099_/Y
 uartUnit.uartTxUnit._100_/Y
 uartUnit.uartTxUnit._101_/Y
 uartUnit.uartTxUnit._102_/Y
 uartUnit.uartTxUnit._103_/X
 uartUnit.uartTxUnit._104_/X
 uartUnit.uartTxUnit._105_/Y
 uartUnit.uartTxUnit._106_/X
 uartUnit.uartTxUnit._107_/Y
 uartUnit.uartTxUnit._108_/X
 uartUnit.uartTxUnit._109_/X
 uartUnit.uartTxUnit._110_/Y
 uartUnit.uartTxUnit._111_/Y
 uartUnit.uartTxUnit._112_/Y
 uartUnit.uartTxUnit._113_/X
 uartUnit.uartTxUnit._114_/Y
 uartUnit.uartTxUnit._115_/Y
 uartUnit.uartTxUnit._116_/X
 uartUnit.uartTxUnit._117_/Y
 uartUnit.uartTxUnit._118_/X
 uartUnit.uartTxUnit._119_/X
 uartUnit.uartTxUnit._120_/X
 uartUnit.uartTxUnit._121_/X
 uartUnit.uartTxUnit._122_/Y
 uartUnit.uartTxUnit._123_/X
 uartUnit.uartTxUnit._124_/X
 uartUnit.uartTxUnit._125_/X
 uartUnit.uartTxUnit._126_/X
 uartUnit.uartTxUnit._127_/X
 uartUnit.uartTxUnit._128_/X
 uartUnit.uartTxUnit._129_/Y
 uartUnit.uartTxUnit._130_/Y
 uartUnit.uartTxUnit._131_/X
 uartUnit.uartTxUnit._132_/X
 uartUnit.uartTxUnit._133_/X
 uartUnit.uartTxUnit._134_/X
 uartUnit.uartTxUnit._135_/X
 uartUnit.uartTxUnit._136_/X
 uartUnit.uartTxUnit._137_/X
 uartUnit.uartTxUnit._138_/X
 uartUnit.uartTxUnit._139_/X
 uartUnit.uartTxUnit._140_/X
 uartUnit.uartTxUnit._141_/X
 uartUnit.uartTxUnit._142_/X
 uartUnit.uartTxUnit._143_/X
 uartUnit.uartTxUnit._144_/X
 uartUnit.uartTxUnit._145_/X
 uartUnit.uartTxUnit._146_/X
 uartUnit.uartTxUnit._147_/X
 uartUnit.uartTxUnit._148_/X
 uartUnit.uartTxUnit._149_/X
 uartUnit.uartTxUnit._150_/X
 uartUnit.uartTxUnit._151_/X
 uartUnit.uartTxUnit._152_/X
 uartUnit.uartTxUnit._153_/X
 uartUnit.uartTxUnit._154_/X
 uartUnit.uartTxUnit._155_/Q
 uartUnit.uartTxUnit._156_/Q
 uartUnit.uartTxUnit._157_/Q
 uartUnit.uartTxUnit._158_/Q
 uartUnit.uartTxUnit._159_/Q
 uartUnit.uartTxUnit._160_/Q
 uartUnit.uartTxUnit._161_/Q
 uartUnit.uartTxUnit._162_/Q
 uartUnit.uartTxUnit._163_/Q
 uartUnit.uartTxUnit._164_/Q
 uartUnit.uartTxUnit._165_/Q
 uartUnit.uartTxUnit._166_/Q
 uartUnit.uartTxUnit._167_/Q
 uartUnit.uartTxUnit._168_/Q
 uartUnit.uartTxUnit._169_/Q
 uartUnit.uartTxUnit._170_/Q
 uartUnit.uartTxUnit._171_/Q
 uartUnit.uartTxUnit._172_/Q
 uartUnit.uartTxUnit._173_/Q
 uartUnit.uartTxUnit._174_/Q
Found 0 partially unannotated drivers.

===========================================================================
max slew violation count 195
max fanout violation count 16
max cap violation count 1
============================================================================

===========================================================================
check_setup -verbose -unconstrained_endpoints -multiple_clock -no_clock -no_input_delay -loops -generated_clocks
===========================================================================
Warning: There are 166 unclocked register/latch pins.
  alu_uart_interfaceUnit._188_/CLK
  alu_uart_interfaceUnit._189_/CLK
  alu_uart_interfaceUnit._190_/CLK
  alu_uart_interfaceUnit._191_/CLK
  alu_uart_interfaceUnit._192_/CLK
  alu_uart_interfaceUnit._193_/CLK
  alu_uart_interfaceUnit._194_/CLK
  alu_uart_interfaceUnit._195_/CLK
  alu_uart_interfaceUnit._196_/CLK
  alu_uart_interfaceUnit._197_/CLK
  alu_uart_interfaceUnit._198_/CLK
  alu_uart_interfaceUnit._199_/CLK
  alu_uart_interfaceUnit._200_/CLK
  alu_uart_interfaceUnit._201_/CLK
  alu_uart_interfaceUnit._202_/CLK
  alu_uart_interfaceUnit._203_/CLK
  alu_uart_interfaceUnit._204_/CLK
  alu_uart_interfaceUnit._205_/CLK
  alu_uart_interfaceUnit._206_/CLK
  alu_uart_interfaceUnit._207_/CLK
  alu_uart_interfaceUnit._208_/CLK
  alu_uart_interfaceUnit._209_/CLK
  alu_uart_interfaceUnit._210_/CLK
  alu_uart_interfaceUnit._211_/CLK
  alu_uart_interfaceUnit._212_/CLK
  alu_uart_interfaceUnit._213_/CLK
  alu_uart_interfaceUnit._214_/CLK
  alu_uart_interfaceUnit._215_/CLK
  alu_uart_interfaceUnit._216_/CLK
  alu_uart_interfaceUnit._217_/CLK
  alu_uart_interfaceUnit._218_/CLK
  alu_uart_interfaceUnit._219_/CLK
  alu_uart_interfaceUnit._220_/CLK
  alu_uart_interfaceUnit._221_/CLK
  alu_uart_interfaceUnit._222_/CLK
  alu_uart_interfaceUnit._223_/CLK
  alu_uart_interfaceUnit._224_/CLK
  alu_uart_interfaceUnit._225_/CLK
  uartUnit.baud_rateUnit._61_/CLK
  uartUnit.baud_rateUnit._62_/CLK
  uartUnit.baud_rateUnit._63_/CLK
  uartUnit.baud_rateUnit._64_/CLK
  uartUnit.baud_rateUnit._65_/CLK
  uartUnit.baud_rateUnit._66_/CLK
  uartUnit.baud_rateUnit._67_/CLK
  uartUnit.baud_rateUnit._68_/CLK
  uartUnit.baud_rateUnit._69_/CLK
  uartUnit.fifoRX._136_/CLK
  uartUnit.fifoRX._137_/CLK
  uartUnit.fifoRX._138_/CLK
  uartUnit.fifoRX._139_/CLK
  uartUnit.fifoRX._140_/CLK
  uartUnit.fifoRX._141_/CLK
  uartUnit.fifoRX._142_/CLK
  uartUnit.fifoRX._143_/CLK
  uartUnit.fifoRX._144_/CLK
  uartUnit.fifoRX._145_/CLK
  uartUnit.fifoRX._146_/CLK
  uartUnit.fifoRX._147_/CLK
  uartUnit.fifoRX._148_/CLK
  uartUnit.fifoRX._149_/CLK
  uartUnit.fifoRX._150_/CLK
  uartUnit.fifoRX._151_/CLK
  uartUnit.fifoRX._152_/CLK
  uartUnit.fifoRX._153_/CLK
  uartUnit.fifoRX._154_/CLK
  uartUnit.fifoRX._155_/CLK
  uartUnit.fifoRX._156_/CLK
  uartUnit.fifoRX._157_/CLK
  uartUnit.fifoRX._158_/CLK
  uartUnit.fifoRX._159_/CLK
  uartUnit.fifoRX._160_/CLK
  uartUnit.fifoRX._161_/CLK
  uartUnit.fifoRX._162_/CLK
  uartUnit.fifoRX._163_/CLK
  uartUnit.fifoRX._164_/CLK
  uartUnit.fifoRX._165_/CLK
  uartUnit.fifoRX._166_/CLK
  uartUnit.fifoRX._167_/CLK
  uartUnit.fifoRX._168_/CLK
  uartUnit.fifoRX._169_/CLK
  uartUnit.fifoRX._170_/CLK
  uartUnit.fifoRX._171_/CLK
  uartUnit.fifoRX._172_/CLK
  uartUnit.fifoRX._173_/CLK
  uartUnit.fifoRX._174_/CLK
  uartUnit.fifoRX._175_/CLK
  uartUnit.fifoTX._136_/CLK
  uartUnit.fifoTX._137_/CLK
  uartUnit.fifoTX._138_/CLK
  uartUnit.fifoTX._139_/CLK
  uartUnit.fifoTX._140_/CLK
  uartUnit.fifoTX._141_/CLK
  uartUnit.fifoTX._142_/CLK
  uartUnit.fifoTX._143_/CLK
  uartUnit.fifoTX._144_/CLK
  uartUnit.fifoTX._145_/CLK
  uartUnit.fifoTX._146_/CLK
  uartUnit.fifoTX._147_/CLK
  uartUnit.fifoTX._148_/CLK
  uartUnit.fifoTX._149_/CLK
  uartUnit.fifoTX._150_/CLK
  uartUnit.fifoTX._151_/CLK
  uartUnit.fifoTX._152_/CLK
  uartUnit.fifoTX._153_/CLK
  uartUnit.fifoTX._154_/CLK
  uartUnit.fifoTX._155_/CLK
  uartUnit.fifoTX._156_/CLK
  uartUnit.fifoTX._157_/CLK
  uartUnit.fifoTX._158_/CLK
  uartUnit.fifoTX._159_/CLK
  uartUnit.fifoTX._160_/CLK
  uartUnit.fifoTX._161_/CLK
  uartUnit.fifoTX._162_/CLK
  uartUnit.fifoTX._163_/CLK
  uartUnit.fifoTX._164_/CLK
  uartUnit.fifoTX._165_/CLK
  uartUnit.fifoTX._166_/CLK
  uartUnit.fifoTX._167_/CLK
  uartUnit.fifoTX._168_/CLK
  uartUnit.fifoTX._169_/CLK
  uartUnit.fifoTX._170_/CLK
  uartUnit.fifoTX._171_/CLK
  uartUnit.fifoTX._172_/CLK
  uartUnit.fifoTX._173_/CLK
  uartUnit.fifoTX._174_/CLK
  uartUnit.fifoTX._175_/CLK
  uartUnit.uartRxUnit._137_/CLK
  uartUnit.uartRxUnit._138_/CLK
  uartUnit.uartRxUnit._139_/CLK
  uartUnit.uartRxUnit._140_/CLK
  uartUnit.uartRxUnit._141_/CLK
  uartUnit.uartRxUnit._142_/CLK
  uartUnit.uartRxUnit._143_/CLK
  uartUnit.uartRxUnit._144_/CLK
  uartUnit.uartRxUnit._145_/CLK
  uartUnit.uartRxUnit._146_/CLK
  uartUnit.uartRxUnit._147_/CLK
  uartUnit.uartRxUnit._148_/CLK
  uartUnit.uartRxUnit._149_/CLK
  uartUnit.uartRxUnit._150_/CLK
  uartUnit.uartRxUnit._151_/CLK
  uartUnit.uartRxUnit._152_/CLK
  uartUnit.uartRxUnit._153_/CLK
  uartUnit.uartRxUnit._154_/CLK
  uartUnit.uartRxUnit._155_/CLK
  uartUnit.uartTxUnit._155_/CLK
  uartUnit.uartTxUnit._156_/CLK
  uartUnit.uartTxUnit._157_/CLK
  uartUnit.uartTxUnit._158_/CLK
  uartUnit.uartTxUnit._159_/CLK
  uartUnit.uartTxUnit._160_/CLK
  uartUnit.uartTxUnit._161_/CLK
  uartUnit.uartTxUnit._162_/CLK
  uartUnit.uartTxUnit._163_/CLK
  uartUnit.uartTxUnit._164_/CLK
  uartUnit.uartTxUnit._165_/CLK
  uartUnit.uartTxUnit._166_/CLK
  uartUnit.uartTxUnit._167_/CLK
  uartUnit.uartTxUnit._168_/CLK
  uartUnit.uartTxUnit._169_/CLK
  uartUnit.uartTxUnit._170_/CLK
  uartUnit.uartTxUnit._171_/CLK
  uartUnit.uartTxUnit._172_/CLK
  uartUnit.uartTxUnit._173_/CLK
  uartUnit.uartTxUnit._174_/CLK
Warning: There are 167 unconstrained endpoints.
  o_uartTx
  alu_uart_interfaceUnit._188_/D
  alu_uart_interfaceUnit._189_/D
  alu_uart_interfaceUnit._190_/D
  alu_uart_interfaceUnit._191_/D
  alu_uart_interfaceUnit._192_/D
  alu_uart_interfaceUnit._193_/D
  alu_uart_interfaceUnit._194_/D
  alu_uart_interfaceUnit._195_/D
  alu_uart_interfaceUnit._196_/D
  alu_uart_interfaceUnit._197_/D
  alu_uart_interfaceUnit._198_/D
  alu_uart_interfaceUnit._199_/D
  alu_uart_interfaceUnit._200_/D
  alu_uart_interfaceUnit._201_/D
  alu_uart_interfaceUnit._202_/D
  alu_uart_interfaceUnit._203_/D
  alu_uart_interfaceUnit._204_/D
  alu_uart_interfaceUnit._205_/D
  alu_uart_interfaceUnit._206_/D
  alu_uart_interfaceUnit._207_/D
  alu_uart_interfaceUnit._208_/D
  alu_uart_interfaceUnit._209_/D
  alu_uart_interfaceUnit._210_/D
  alu_uart_interfaceUnit._211_/D
  alu_uart_interfaceUnit._212_/D
  alu_uart_interfaceUnit._213_/D
  alu_uart_interfaceUnit._214_/D
  alu_uart_interfaceUnit._215_/D
  alu_uart_interfaceUnit._216_/D
  alu_uart_interfaceUnit._217_/D
  alu_uart_interfaceUnit._218_/D
  alu_uart_interfaceUnit._219_/D
  alu_uart_interfaceUnit._220_/D
  alu_uart_interfaceUnit._221_/D
  alu_uart_interfaceUnit._222_/D
  alu_uart_interfaceUnit._223_/D
  alu_uart_interfaceUnit._224_/D
  alu_uart_interfaceUnit._225_/D
  uartUnit.baud_rateUnit._61_/D
  uartUnit.baud_rateUnit._62_/D
  uartUnit.baud_rateUnit._63_/D
  uartUnit.baud_rateUnit._64_/D
  uartUnit.baud_rateUnit._65_/D
  uartUnit.baud_rateUnit._66_/D
  uartUnit.baud_rateUnit._67_/D
  uartUnit.baud_rateUnit._68_/D
  uartUnit.baud_rateUnit._69_/D
  uartUnit.fifoRX._136_/D
  uartUnit.fifoRX._137_/D
  uartUnit.fifoRX._138_/D
  uartUnit.fifoRX._139_/D
  uartUnit.fifoRX._140_/D
  uartUnit.fifoRX._141_/D
  uartUnit.fifoRX._142_/D
  uartUnit.fifoRX._143_/D
  uartUnit.fifoRX._144_/D
  uartUnit.fifoRX._145_/D
  uartUnit.fifoRX._146_/D
  uartUnit.fifoRX._147_/D
  uartUnit.fifoRX._148_/D
  uartUnit.fifoRX._149_/D
  uartUnit.fifoRX._150_/D
  uartUnit.fifoRX._151_/D
  uartUnit.fifoRX._152_/D
  uartUnit.fifoRX._153_/D
  uartUnit.fifoRX._154_/D
  uartUnit.fifoRX._155_/D
  uartUnit.fifoRX._156_/D
  uartUnit.fifoRX._157_/D
  uartUnit.fifoRX._158_/D
  uartUnit.fifoRX._159_/D
  uartUnit.fifoRX._160_/D
  uartUnit.fifoRX._161_/D
  uartUnit.fifoRX._162_/D
  uartUnit.fifoRX._163_/D
  uartUnit.fifoRX._164_/D
  uartUnit.fifoRX._165_/D
  uartUnit.fifoRX._166_/D
  uartUnit.fifoRX._167_/D
  uartUnit.fifoRX._168_/D
  uartUnit.fifoRX._169_/D
  uartUnit.fifoRX._170_/D
  uartUnit.fifoRX._171_/D
  uartUnit.fifoRX._172_/D
  uartUnit.fifoRX._173_/D
  uartUnit.fifoRX._174_/D
  uartUnit.fifoRX._175_/D
  uartUnit.fifoTX._136_/D
  uartUnit.fifoTX._137_/D
  uartUnit.fifoTX._138_/D
  uartUnit.fifoTX._139_/D
  uartUnit.fifoTX._140_/D
  uartUnit.fifoTX._141_/D
  uartUnit.fifoTX._142_/D
  uartUnit.fifoTX._143_/D
  uartUnit.fifoTX._144_/D
  uartUnit.fifoTX._145_/D
  uartUnit.fifoTX._146_/D
  uartUnit.fifoTX._147_/D
  uartUnit.fifoTX._148_/D
  uartUnit.fifoTX._149_/D
  uartUnit.fifoTX._150_/D
  uartUnit.fifoTX._151_/D
  uartUnit.fifoTX._152_/D
  uartUnit.fifoTX._153_/D
  uartUnit.fifoTX._154_/D
  uartUnit.fifoTX._155_/D
  uartUnit.fifoTX._156_/D
  uartUnit.fifoTX._157_/D
  uartUnit.fifoTX._158_/D
  uartUnit.fifoTX._159_/D
  uartUnit.fifoTX._160_/D
  uartUnit.fifoTX._161_/D
  uartUnit.fifoTX._162_/D
  uartUnit.fifoTX._163_/D
  uartUnit.fifoTX._164_/D
  uartUnit.fifoTX._165_/D
  uartUnit.fifoTX._166_/D
  uartUnit.fifoTX._167_/D
  uartUnit.fifoTX._168_/D
  uartUnit.fifoTX._169_/D
  uartUnit.fifoTX._170_/D
  uartUnit.fifoTX._171_/D
  uartUnit.fifoTX._172_/D
  uartUnit.fifoTX._173_/D
  uartUnit.fifoTX._174_/D
  uartUnit.fifoTX._175_/D
  uartUnit.uartRxUnit._137_/D
  uartUnit.uartRxUnit._138_/D
  uartUnit.uartRxUnit._139_/D
  uartUnit.uartRxUnit._140_/D
  uartUnit.uartRxUnit._141_/D
  uartUnit.uartRxUnit._142_/D
  uartUnit.uartRxUnit._143_/D
  uartUnit.uartRxUnit._144_/D
  uartUnit.uartRxUnit._145_/D
  uartUnit.uartRxUnit._146_/D
  uartUnit.uartRxUnit._147_/D
  uartUnit.uartRxUnit._148_/D
  uartUnit.uartRxUnit._149_/D
  uartUnit.uartRxUnit._150_/D
  uartUnit.uartRxUnit._151_/D
  uartUnit.uartRxUnit._152_/D
  uartUnit.uartRxUnit._153_/D
  uartUnit.uartRxUnit._154_/D
  uartUnit.uartRxUnit._155_/D
  uartUnit.uartTxUnit._155_/D
  uartUnit.uartTxUnit._156_/D
  uartUnit.uartTxUnit._157_/D
  uartUnit.uartTxUnit._158_/D
  uartUnit.uartTxUnit._159_/D
  uartUnit.uartTxUnit._160_/D
  uartUnit.uartTxUnit._161_/D
  uartUnit.uartTxUnit._162_/D
  uartUnit.uartTxUnit._163_/D
  uartUnit.uartTxUnit._164_/D
  uartUnit.uartTxUnit._165_/D
  uartUnit.uartTxUnit._166_/D
  uartUnit.uartTxUnit._167_/D
  uartUnit.uartTxUnit._168_/D
  uartUnit.uartTxUnit._169_/D
  uartUnit.uartTxUnit._170_/D
  uartUnit.uartTxUnit._171_/D
  uartUnit.uartTxUnit._172_/D
  uartUnit.uartTxUnit._173_/D
  uartUnit.uartTxUnit._174_/D
