                                                                       Cells by Function                                                                        
┏━━━━━━━━━━━━━━━━━━━━━━━━━━━━━━━━━━━━━━━━━━━━━━━━━━━━━━━━━━━━━━━━━━━━━━━━━━━━━━━━━━━━━━━━━━━━━━━━━━━━━━━━━━━━━━━━━━━━━━━━━━━━━━━━━┳━━━━━━━━━━━━━━━━━━━━━━━━━━━━┓
┃ Cell Function                                                                                                                   ┃ Count                      ┃
┡━━━━━━━━━━━━━━━━━━━━━━━━━━━━━━━━━━━━━━━━━━━━━━━━━━━━━━━━━━━━━━━━━━━━━━━━━━━━━━━━━━━━━━━━━━━━━━━━━━━━━━━━━━━━━━━━━━━━━━━━━━━━━━━━━╇━━━━━━━━━━━━━━━━━━━━━━━━━━━━┩
│ sky130_ef_sc_hd__decap                                                                                                          │ 337                        │
│ sky130_fd_sc_hd__a2111o                                                                                                         │ 2                          │
│ sky130_fd_sc_hd__a2111oi                                                                                                        │ 2                          │
│ sky130_fd_sc_hd__a211o                                                                                                          │ 8                          │
│ sky130_fd_sc_hd__a211oi                                                                                                         │ 5                          │
│ sky130_fd_sc_hd__a21bo                                                                                                          │ 2                          │
│ sky130_fd_sc_hd__a21boi                                                                                                         │ 4                          │
│ sky130_fd_sc_hd__a21o                                                                                                           │ 14                         │
│ sky130_fd_sc_hd__a21oi                                                                                                          │ 26                         │
│ sky130_fd_sc_hd__a221o                                                                                                          │ 3                          │
│ sky130_fd_sc_hd__a22o                                                                                                           │ 4                          │
│ sky130_fd_sc_hd__a2bb2o                                                                                                         │ 1                          │
│ sky130_fd_sc_hd__a311o                                                                                                          │ 5                          │
│ sky130_fd_sc_hd__a31o                                                                                                           │ 19                         │
│ sky130_fd_sc_hd__a31oi                                                                                                          │ 1                          │
│ sky130_fd_sc_hd__a32o                                                                                                           │ 3                          │
│ sky130_fd_sc_hd__a41o                                                                                                           │ 1                          │
│ sky130_fd_sc_hd__and2                                                                                                           │ 26                         │
│ sky130_fd_sc_hd__and2b                                                                                                          │ 3                          │
│ sky130_fd_sc_hd__and3                                                                                                           │ 16                         │
│ sky130_fd_sc_hd__and3b                                                                                                          │ 6                          │
│ sky130_fd_sc_hd__and4                                                                                                           │ 6                          │
│ sky130_fd_sc_hd__and4bb                                                                                                         │ 1                          │
│ sky130_fd_sc_hd__buf                                                                                                            │ 23                         │
│ sky130_fd_sc_hd__clkbuf                                                                                                         │ 33                         │
│ sky130_fd_sc_hd__decap                                                                                                          │ 526                        │
│ sky130_fd_sc_hd__dfxtp                                                                                                          │ 166                        │
│ sky130_fd_sc_hd__dlymetal6s2s                                                                                                   │ 7                          │
│ sky130_fd_sc_hd__fill                                                                                                           │ 393                        │
│ sky130_fd_sc_hd__inv                                                                                                            │ 32                         │
│ sky130_fd_sc_hd__mux2                                                                                                           │ 91                         │
│ sky130_fd_sc_hd__mux4                                                                                                           │ 18                         │
│ sky130_fd_sc_hd__nand2                                                                                                          │ 24                         │
│ sky130_fd_sc_hd__nand2b                                                                                                         │ 4                          │
│ sky130_fd_sc_hd__nand3                                                                                                          │ 7                          │
│ sky130_fd_sc_hd__nand3b                                                                                                         │ 2                          │
│ sky130_fd_sc_hd__nand4                                                                                                          │ 1                          │
│ sky130_fd_sc_hd__nand4b                                                                                                         │ 1                          │
│ sky130_fd_sc_hd__nor2                                                                                                           │ 26                         │
│ sky130_fd_sc_hd__nor3                                                                                                           │ 13                         │
│ sky130_fd_sc_hd__nor3b                                                                                                          │ 3                          │
│ sky130_fd_sc_hd__nor4                                                                                                           │ 4                          │
│ sky130_fd_sc_hd__nor4b                                                                                                          │ 1                          │
│ sky130_fd_sc_hd__o2111a                                                                                                         │ 2                          │
│ sky130_fd_sc_hd__o211a                                                                                                          │ 43                         │
│ sky130_fd_sc_hd__o21a                                                                                                           │ 26                         │
│ sky130_fd_sc_hd__o21ai                                                                                                          │ 10                         │
│ sky130_fd_sc_hd__o21bai                                                                                                         │ 1                          │
│ sky130_fd_sc_hd__o221a                                                                                                          │ 4                          │
│ sky130_fd_sc_hd__o22a                                                                                                           │ 6                          │
│ sky130_fd_sc_hd__o22ai                                                                                                          │ 2                          │
│ sky130_fd_sc_hd__o2bb2a                                                                                                         │ 3                          │
│ sky130_fd_sc_hd__o311a                                                                                                          │ 5                          │
│ sky130_fd_sc_hd__o31a                                                                                                           │ 5                          │
│ sky130_fd_sc_hd__o31ai                                                                                                          │ 5                          │
│ sky130_fd_sc_hd__o32a                                                                                                           │ 1                          │
│ sky130_fd_sc_hd__o41a                                                                                                           │ 1                          │
│ sky130_fd_sc_hd__or2                                                                                                            │ 24                         │
│ sky130_fd_sc_hd__or3                                                                                                            │ 20                         │
│ sky130_fd_sc_hd__or3b                                                                                                           │ 3                          │
│ sky130_fd_sc_hd__or4                                                                                                            │ 16                         │
│ sky130_fd_sc_hd__or4b                                                                                                           │ 7                          │
│ sky130_fd_sc_hd__or4bb                                                                                                          │ 1                          │
│ sky130_fd_sc_hd__tapvpwrvgnd                                                                                                    │ 255                        │
│ sky130_fd_sc_hd__xnor2                                                                                                          │ 12                         │
│ sky130_fd_sc_hd__xor2                                                                                                           │ 4                          │
└─────────────────────────────────────────────────────────────────────────────────────────────────────────────────────────────────┴────────────────────────────┘
