
===========================================================================
 report_power
============================================================================
======================= nom_ss_100C_1v60 Corner ===================================

Group                    Internal    Switching      Leakage        Total
                            Power        Power        Power        Power (Watts)
------------------------------------------------------------------------
Sequential           3.028405e-06 3.937367e-07 2.474174e-06 5.896316e-06  61.0%
Combinational        6.187547e-07 3.864585e-07 2.758578e-06 3.763791e-06  39.0%
Clock                0.000000e+00 0.000000e+00 0.000000e+00 0.000000e+00   0.0%
Macro                0.000000e+00 0.000000e+00 0.000000e+00 0.000000e+00   0.0%
Pad                  0.000000e+00 0.000000e+00 0.000000e+00 0.000000e+00   0.0%
------------------------------------------------------------------------
Total                3.647159e-06 7.801954e-07 5.232750e-06 9.660104e-06 100.0%
                            37.8%         8.1%        54.2%

