
===========================================================================
 report_power
============================================================================
======================= max_ff_n40C_1v95 Corner ===================================

Group                    Internal    Switching      Leakage        Total
                            Power        Power        Power        Power (Watts)
------------------------------------------------------------------------
Sequential           4.426688e-06 8.693462e-07 2.542269e-09 5.298577e-06  57.7%
Combinational        1.248475e-06 2.624724e-06 4.100754e-09 3.877301e-06  42.2%
Clock                0.000000e+00 0.000000e+00 2.000121e-09 2.000121e-09   0.0%
Macro                0.000000e+00 0.000000e+00 0.000000e+00 0.000000e+00   0.0%
Pad                  0.000000e+00 0.000000e+00 0.000000e+00 0.000000e+00   0.0%
------------------------------------------------------------------------
Total                5.675166e-06 3.494070e-06 8.643133e-09 9.177878e-06 100.0%
                            61.8%        38.1%         0.1%

