
===========================================================================
 report_power
============================================================================
======================= max_tt_025C_1v80 Corner ===================================

Group                    Internal    Switching      Leakage        Total
                            Power        Power        Power        Power (Watts)
------------------------------------------------------------------------
Sequential           3.811148e-06 7.265938e-07 1.349806e-09 4.539092e-06  57.7%
Combinational        1.130489e-06 2.197565e-06 2.995603e-09 3.331050e-06  42.3%
Clock                0.000000e+00 0.000000e+00 1.704273e-09 1.704273e-09   0.0%
Macro                0.000000e+00 0.000000e+00 0.000000e+00 0.000000e+00   0.0%
Pad                  0.000000e+00 0.000000e+00 0.000000e+00 0.000000e+00   0.0%
------------------------------------------------------------------------
Total                4.941639e-06 2.924159e-06 6.049677e-09 7.871848e-06 100.0%
                            62.8%        37.1%         0.1%

