
===========================================================================
 report_power
============================================================================
======================= nom_tt_025C_1v80 Corner ===================================

Group                    Internal    Switching      Leakage        Total
                            Power        Power        Power        Power (Watts)
------------------------------------------------------------------------
Sequential           3.810991e-06 7.066453e-07 1.349806e-09 4.518985e-06  58.1%
Combinational        1.130147e-06 2.117783e-06 2.995603e-09 3.250925e-06  41.8%
Clock                0.000000e+00 0.000000e+00 1.704273e-09 1.704273e-09   0.0%
Macro                0.000000e+00 0.000000e+00 0.000000e+00 0.000000e+00   0.0%
Pad                  0.000000e+00 0.000000e+00 0.000000e+00 0.000000e+00   0.0%
------------------------------------------------------------------------
Total                4.941138e-06 2.824428e-06 6.049677e-09 7.771616e-06 100.0%
                            63.6%        36.3%         0.1%

