
===========================================================================
 report_power
============================================================================
======================= nom_tt_025C_1v80 Corner ===================================

Group                    Internal    Switching      Leakage        Total
                            Power        Power        Power        Power (Watts)
------------------------------------------------------------------------
Sequential           3.810186e-06 5.999566e-07 1.349806e-09 4.411492e-06  60.9%
Combinational        1.127106e-06 1.699808e-06 2.995602e-09 2.829910e-06  39.1%
Clock                0.000000e+00 0.000000e+00 3.175238e-10 3.175238e-10   0.0%
Macro                0.000000e+00 0.000000e+00 0.000000e+00 0.000000e+00   0.0%
Pad                  0.000000e+00 0.000000e+00 0.000000e+00 0.000000e+00   0.0%
------------------------------------------------------------------------
Total                4.937293e-06 2.299764e-06 4.662930e-09 7.241721e-06 100.0%
                            68.2%        31.8%         0.1%
Writing metric power__internal__total: 4.937292942486238e-6
Writing metric power__switching__total: 2.299764446433983e-6
Writing metric power__leakage__total: 4.66293004208751e-9
Writing metric power__total: 7.241720595629886e-6

