
===========================================================================
 report_power
============================================================================
======================= nom_ff_n40C_1v95 Corner ===================================

Group                    Internal    Switching      Leakage        Total
                            Power        Power        Power        Power (Watts)
------------------------------------------------------------------------
Sequential           5.023768e-06 6.153684e-07 3.382928e-09 5.642519e-06  79.3%
Combinational        8.640503e-07 6.028047e-07 6.005983e-09 1.472861e-06  20.7%
Clock                0.000000e+00 0.000000e+00 0.000000e+00 0.000000e+00   0.0%
Macro                0.000000e+00 0.000000e+00 0.000000e+00 0.000000e+00   0.0%
Pad                  0.000000e+00 0.000000e+00 0.000000e+00 0.000000e+00   0.0%
------------------------------------------------------------------------
Total                5.887818e-06 1.218174e-06 9.388909e-09 7.115380e-06 100.0%
                            82.7%        17.1%         0.1%

