
===========================================================================
 report_power
============================================================================
======================= nom_tt_025C_1v80 Corner ===================================

Group                    Internal    Switching      Leakage        Total
                            Power        Power        Power        Power (Watts)
------------------------------------------------------------------------
Sequential           3.810966e-06 6.798944e-07 1.349806e-09 4.492210e-06  59.6%
Combinational        1.131192e-06 1.908201e-06 2.995602e-09 3.042389e-06  40.4%
Clock                0.000000e+00 0.000000e+00 3.175238e-10 3.175238e-10   0.0%
Macro                0.000000e+00 0.000000e+00 0.000000e+00 0.000000e+00   0.0%
Pad                  0.000000e+00 0.000000e+00 0.000000e+00 0.000000e+00   0.0%
------------------------------------------------------------------------
Total                4.942158e-06 2.588095e-06 4.662930e-09 7.534916e-06 100.0%
                            65.6%        34.3%         0.1%
Writing metric power__internal__total: 4.942157829646021e-6
Writing metric power__switching__total: 2.588095185274142e-6
Writing metric power__leakage__total: 4.66293004208751e-9
Writing metric power__total: 7.534916221629828e-6

